// Jest Snapshot v1, https://goo.gl/fbAQLP

exports[`ForecastDayView should render forecastDays correctly 1`] = `"<div style=\\"background:#4287f5;padding:10px\\"><h5 class=\\"MuiTypography-root MuiTypography-h5\\" style=\\"color:white\\"> 6/13/2021</h5><div class=\\"MuiPaper-root MuiCard-root MuiPaper-elevation3 MuiPaper-rounded\\" style=\\"margin:10px;padding:10px;display:flex;justify-content:space-between;border:2px solid gray\\"><h5>12:00:00 AM</h5><img src=\\"http://openweathermap.org/img/w/10d.png\\"/><h4>82.4°F</h4></div><div class=\\"MuiPaper-root MuiCard-root MuiPaper-elevation3 MuiPaper-rounded\\" style=\\"margin:10px;padding:10px;display:flex;justify-content:space-between;border:2px solid gray\\"><h5>3:00:00 AM</h5><img src=\\"http://openweathermap.org/img/w/10n.png\\"/><h4>74.62°F</h4></div><div class=\\"MuiPaper-root MuiCard-root MuiPaper-elevation3 MuiPaper-rounded\\" style=\\"margin:10px;padding:10px;display:flex;justify-content:space-between;border:2px solid gray\\"><h5>6:00:00 AM</h5><img src=\\"http://openweathermap.org/img/w/10n.png\\"/><h4>67.96°F</h4></div><div class=\\"MuiPaper-root MuiCard-root MuiPaper-elevation3 MuiPaper-rounded\\" style=\\"margin:10px;padding:10px;display:flex;justify-content:space-between;border:2px solid gray\\"><h5>9:00:00 AM</h5><img src=\\"http://openweathermap.org/img/w/10n.png\\"/><h4>67.6°F</h4></div><div class=\\"MuiPaper-root MuiCard-root MuiPaper-elevation3 MuiPaper-rounded\\" style=\\"margin:10px;padding:10px;display:flex;justify-content:space-between;border:2px solid gray\\"><h5>12:00:00 PM</h5><img src=\\"http://openweathermap.org/img/w/03d.png\\"/><h4>67.57°F</h4></div><div class=\\"MuiPaper-root MuiCard-root MuiPaper-elevation3 MuiPaper-rounded\\" style=\\"margin:10px;padding:10px;display:flex;justify-content:space-between;border:2px solid gray\\"><h5>3:00:00 PM</h5><img src=\\"http://openweathermap.org/img/w/04d.png\\"/><h4>71.83°F</h4></div><div class=\\"MuiPaper-root MuiCard-root MuiPaper-elevation3 MuiPaper-rounded\\" style=\\"margin:10px;padding:10px;display:flex;justify-content:space-between;border:2px solid gray\\"><h5>6:00:00 PM</h5><img src=\\"http://openweathermap.org/img/w/03d.png\\"/><h4>80.17°F</h4></div><div class=\\"MuiPaper-root MuiCard-root MuiPaper-elevation3 MuiPaper-rounded\\" style=\\"margin:10px;padding:10px;display:flex;justify-content:space-between;border:2px solid gray\\"><h5>9:00:00 PM</h5><img src=\\"http://openweathermap.org/img/w/01d.png\\"/><h4>80.83°F</h4></div></div>"`;
