// Jest Snapshot v1, https://goo.gl/fbAQLP

exports[`CurentTempView should render component to match snapshot 1`] = `"<div><h4 class=\\"MuiTypography-root MuiTypography-h4\\">Current Temperature</h4><h1>90Â°F</h1></div>"`;
